these 25 paths will be fetched (564.8 MiB download, 1.9 GiB unpacked):
  /nix/store/31gnwsgag5qa14hfblqi5hyn71pyx7py-binutils-2.46
  /nix/store/8vl6rm8j9n8f2rklmi9j8yhgry8ffhh6-binutils-2.46-lib
  /nix/store/0fdc105g1896ganr8916rsjxhvr9qv5b-binutils-wrapper-2.46
  /nix/store/w20n3pmhhd1av9llykxa3gd21c9jsm8l-cargo-1.98.1
  /nix/store/n88pdyarvdpyw98fahxcb03733nsclhq-clippy-1.98.1
  /nix/store/b8xvzgd52jby5dfpi0pf46nisy6wma5d-diffutils-3.12
  /nix/store/b3xx1nxngi605as6hv0w85rirmq0dmp3-expand-response-params
  /nix/store/fv9yl55hkskpc2cj9c0sdyq91car9kgl-file-5.48
  /nix/store/8sjgd7q3mdks1rb7rbcv0sallhvrhai5-gcc-15.3.0
  /nix/store/z4c6k0mrlkwl3s4w9ysxc8vq1wylm3ms-gcc-wrapper-15.3.0
  /nix/store/lbjwxax9n0457lgd83rqwpd1l9lgfl7r-glibc-2.42-84-dev
  /nix/store/r4awsy3173chrfdqy65vlk90r43zrf73-gmp-6.3.0
  /nix/store/n8k0wza75nmrx08civlj29h26scx2fjh-gnu-config-2024-01-01
  /nix/store/c011mk580m964s1zxjccvdax3fcmppnl-gnumake-4.4.1
  /nix/store/41l3h8s1lr518n03bsrzv5vsf37bhnb9-gnutar-1.35
  /nix/store/5ajjlk8dyi96ajvm066yivd4fbyg2gjh-isl-0.20
  /nix/store/l7hnbf72dzsccm3bqkyvhyd10vq2z4az-libmpc-1.4.1
  /nix/store/gqwgk08v8n97y38m740w1lpdwcn6f9is-linux-headers-7.2
  /nix/store/dyi7b3zz14xj75sv14q354qa6qkvzdbg-llvm-21.1.8-lib
  /nix/store/l59iyibk32661wkzrc9nkhn3k24xz752-mpfr-4.2.2
  /nix/store/h9wq5kdv1jc9hxmwgn9vh9bwsigmnsj6-patchelf-0.15.2
  /nix/store/xvp6nfxayb07si2jaggqwvx3iykw89g2-rustc-1.98.1
  /nix/store/vy0xilifxb02fwal0wihsrwc8s69rlyk-rustc-wrapper-1.98.1
  /nix/store/dp0zdsysxsli2xncj4prvhsik08qn697-stdenv-linux
  /nix/store/rjri54xd29c5qfwj124j62ffzjjigjmh-update-autotools-gnu-config-scripts-hook
copying path '/nix/store/n8k0wza75nmrx08civlj29h26scx2fjh-gnu-config-2024-01-01' from 'https://cache.nixos.org'...
copying path '/nix/store/b8xvzgd52jby5dfpi0pf46nisy6wma5d-diffutils-3.12' from 'https://cache.nixos.org'...
copying path '/nix/store/b3xx1nxngi605as6hv0w85rirmq0dmp3-expand-response-params' from 'https://cache.nixos.org'...
copying path '/nix/store/fv9yl55hkskpc2cj9c0sdyq91car9kgl-file-5.48' from 'https://cache.nixos.org'...
copying path '/nix/store/c011mk580m964s1zxjccvdax3fcmppnl-gnumake-4.4.1' from 'https://cache.nixos.org'...
copying path '/nix/store/h9wq5kdv1jc9hxmwgn9vh9bwsigmnsj6-patchelf-0.15.2' from 'https://cache.nixos.org'...
copying path '/nix/store/dyi7b3zz14xj75sv14q354qa6qkvzdbg-llvm-21.1.8-lib' from 'https://cache.nixos.org'...
copying path '/nix/store/gqwgk08v8n97y38m740w1lpdwcn6f9is-linux-headers-7.2' from 'https://cache.nixos.org'...
copying path '/nix/store/r4awsy3173chrfdqy65vlk90r43zrf73-gmp-6.3.0' from 'https://cache.nixos.org'...
copying path '/nix/store/8vl6rm8j9n8f2rklmi9j8yhgry8ffhh6-binutils-2.46-lib' from 'https://cache.nixos.org'...
copying path '/nix/store/41l3h8s1lr518n03bsrzv5vsf37bhnb9-gnutar-1.35' from 'https://cache.nixos.org'...
copying path '/nix/store/rjri54xd29c5qfwj124j62ffzjjigjmh-update-autotools-gnu-config-scripts-hook' from 'https://cache.nixos.org'...
copying path '/nix/store/5ajjlk8dyi96ajvm066yivd4fbyg2gjh-isl-0.20' from 'https://cache.nixos.org'...
copying path '/nix/store/l59iyibk32661wkzrc9nkhn3k24xz752-mpfr-4.2.2' from 'https://cache.nixos.org'...
copying path '/nix/store/31gnwsgag5qa14hfblqi5hyn71pyx7py-binutils-2.46' from 'https://cache.nixos.org'...
copying path '/nix/store/l7hnbf72dzsccm3bqkyvhyd10vq2z4az-libmpc-1.4.1' from 'https://cache.nixos.org'...
copying path '/nix/store/lbjwxax9n0457lgd83rqwpd1l9lgfl7r-glibc-2.42-84-dev' from 'https://cache.nixos.org'...
copying path '/nix/store/8sjgd7q3mdks1rb7rbcv0sallhvrhai5-gcc-15.3.0' from 'https://cache.nixos.org'...
copying path '/nix/store/0fdc105g1896ganr8916rsjxhvr9qv5b-binutils-wrapper-2.46' from 'https://cache.nixos.org'...
copying path '/nix/store/z4c6k0mrlkwl3s4w9ysxc8vq1wylm3ms-gcc-wrapper-15.3.0' from 'https://cache.nixos.org'...
copying path '/nix/store/dp0zdsysxsli2xncj4prvhsik08qn697-stdenv-linux' from 'https://cache.nixos.org'...
copying path '/nix/store/xvp6nfxayb07si2jaggqwvx3iykw89g2-rustc-1.98.1' from 'https://cache.nixos.org'...
copying path '/nix/store/n88pdyarvdpyw98fahxcb03733nsclhq-clippy-1.98.1' from 'https://cache.nixos.org'...
copying path '/nix/store/vy0xilifxb02fwal0wihsrwc8s69rlyk-rustc-wrapper-1.98.1' from 'https://cache.nixos.org'...
copying path '/nix/store/w20n3pmhhd1av9llykxa3gd21c9jsm8l-cargo-1.98.1' from 'https://cache.nixos.org'...
cargo 1.98.0 (797e8a9bc 2026-08-05)
   Compiling stub v0.1.0 (/home/agent/work)
    Finished `test` profile [unoptimized + debuginfo] target(s) in 0.41s
     Running unittests src/lib.rs (target/debug/deps/stub-467c3979686e524b)

running 1 test
test tests::adds ... ok

test result: ok. 1 passed; 0 failed; 0 ignored; 0 measured; 0 filtered out; finished in 0.00s

   Doc-tests stub

running 0 tests

test result: ok. 0 passed; 0 failed; 0 ignored; 0 measured; 0 filtered out; finished in 0.00s

cargo test exit 0
    Checking stub v0.1.0 (/home/agent/work)
    Finished `dev` profile [unoptimized + debuginfo] target(s) in 0.11s
cargo clippy exit 0
